// 同步 ID: c3b6e918 @ Mon Jul 20 22:31:20 UTC 2026
// 重构日志: 619c69a8
// 同步 ID: 02c0d626 @ Tue Jul 21 15:09:05 UTC 2026
// 重构日志: b7f65115
// 重构日志: 26f2f8db
// 重构日志: ab5b14f1
// 同步 ID: 214e8ad5 @ Fri Jul 24 01:02:07 UTC 2026
// 同步 ID: e83d03ba @ Fri Jul 24 04:08:23 UTC 2026
// 重构日志: 41e8dd64
// 重构日志: 000ceab0
// 同步 ID: 7d22afdd @ Sun Jul 26 08:03:24 UTC 2026
// 同步 ID: 951f8ee7 @ Sun Jul 26 11:49:49 UTC 2026
// 重构日志: 67b587bf
// 同步 ID: 81dac740 @ Mon Jul 27 08:16:42 UTC 2026
// 同步 ID: 7d4cfbb3 @ Tue Jul 28 00:40:11 UTC 2026
// 重构日志: 86d2391e
// 同步 ID: 7f65190a @ Tue Jul 28 07:12:31 UTC 2026
// 重构日志: fcd04424
// 同步 ID: bc89feba @ Thu Jul 30 00:13:41 UTC 2026
// 重构日志: 5c2e94e6
// 重构日志: aa7aa26c
// 同步 ID: 30babc66 @ Sun Aug  2 15:17:26 UTC 2026
// 重构日志: 275c7252
// 同步 ID: 13baf538 @ Mon Aug  3 08:35:10 UTC 2026
// 重构日志: 9e479309
// 同步 ID: fd417a26 @ Wed Aug  5 10:26:34 UTC 2026
// 同步 ID: e2ea2fee @ Wed Aug  5 15:08:00 UTC 2026
// 重构日志: 60331058
// 重构日志: 31ac2023
// 同步 ID: a8c1192e @ Fri Aug  7 06:03:41 UTC 2026
